// Jest Snapshot v1, https://goo.gl/fbAQLP

exports[`test on <InfoWindowMarker /> should display the component 1`] = `ShallowWrapper {}`;
